# serializer version: 1
# name: test_mcp_tool_contract
  dict({
    'corpus_kb.tools.ingest_tools': dict({
      'delete_document': dict({
        'config': 'POSITIONAL_OR_KEYWORD',
        'document_id': 'POSITIONAL_OR_KEYWORD',
        'pg_pool': 'POSITIONAL_OR_KEYWORD',
      }),
      'ingest_directory': dict({
        'config': 'POSITIONAL_OR_KEYWORD',
        'directory_path': 'POSITIONAL_OR_KEYWORD',
        'pg_pool': 'POSITIONAL_OR_KEYWORD',
        'tenant_id': 'POSITIONAL_OR_KEYWORD',
      }),
      'ingest_file': dict({
        'config': 'POSITIONAL_OR_KEYWORD',
        'file_path': 'POSITIONAL_OR_KEYWORD',
        'pg_pool': 'POSITIONAL_OR_KEYWORD',
        'tenant_id': 'POSITIONAL_OR_KEYWORD',
      }),
      'list_documents': dict({
        'config': 'POSITIONAL_OR_KEYWORD',
        'pg_pool': 'POSITIONAL_OR_KEYWORD',
      }),
    }),
    'corpus_kb.tools.notebook_tools': dict({
      'notebook_ask_tool': dict({
        'code': 'POSITIONAL_OR_KEYWORD',
        'doc_ids': 'POSITIONAL_OR_KEYWORD',
        'k': 'POSITIONAL_OR_KEYWORD',
        'min_confidence': 'POSITIONAL_OR_KEYWORD',
        'pg_pool': 'POSITIONAL_OR_KEYWORD',
        'project_id': 'POSITIONAL_OR_KEYWORD',
        'question': 'POSITIONAL_OR_KEYWORD',
        'retrieval_only': 'POSITIONAL_OR_KEYWORD',
        'review_status': 'POSITIONAL_OR_KEYWORD',
        'source_type': 'POSITIONAL_OR_KEYWORD',
        'speaker_role': 'POSITIONAL_OR_KEYWORD',
        'tenant_id': 'POSITIONAL_OR_KEYWORD',
        'topic_id': 'POSITIONAL_OR_KEYWORD',
      }),
      'notebook_evidence_tool': dict({
        'code': 'POSITIONAL_OR_KEYWORD',
        'limit': 'POSITIONAL_OR_KEYWORD',
        'pg_pool': 'POSITIONAL_OR_KEYWORD',
        'project_id': 'POSITIONAL_OR_KEYWORD',
        'tenant_id': 'POSITIONAL_OR_KEYWORD',
        'version_id': 'POSITIONAL_OR_KEYWORD',
      }),
      'notebook_overlap_tool': dict({
        'delta_amb': 'POSITIONAL_OR_KEYWORD',
        'pg_pool': 'POSITIONAL_OR_KEYWORD',
        'project_id': 'POSITIONAL_OR_KEYWORD',
        'tenant_id': 'POSITIONAL_OR_KEYWORD',
        'version_id': 'POSITIONAL_OR_KEYWORD',
      }),
      'notebook_uncoded_tool': dict({
        'k': 'POSITIONAL_OR_KEYWORD',
        'pg_pool': 'POSITIONAL_OR_KEYWORD',
        'project_id': 'POSITIONAL_OR_KEYWORD',
        'tenant_id': 'POSITIONAL_OR_KEYWORD',
        'version_id': 'POSITIONAL_OR_KEYWORD',
      }),
    }),
    'corpus_kb.tools.research_tools': dict({
      'codebook_promote': dict({
        'definition': 'POSITIONAL_OR_KEYWORD',
        'exclusion': 'POSITIONAL_OR_KEYWORD',
        'inclusion': 'POSITIONAL_OR_KEYWORD',
        'label': 'POSITIONAL_OR_KEYWORD',
        'name': 'POSITIONAL_OR_KEYWORD',
        'pool': 'POSITIONAL_OR_KEYWORD',
        'proposed_id': 'POSITIONAL_OR_KEYWORD',
        'tau_dup': 'POSITIONAL_OR_KEYWORD',
        'tenant_id': 'POSITIONAL_OR_KEYWORD',
      }),
      'coding_run': dict({
        'cal_alpha': 'POSITIONAL_OR_KEYWORD',
        'codebook_version_id': 'POSITIONAL_OR_KEYWORD',
        'pool': 'POSITIONAL_OR_KEYWORD',
        'project_id': 'POSITIONAL_OR_KEYWORD',
        'tenant_id': 'POSITIONAL_OR_KEYWORD',
      }),
      'inductive_run': dict({
        'pool': 'POSITIONAL_OR_KEYWORD',
        'project_id': 'POSITIONAL_OR_KEYWORD',
        'tenant_id': 'POSITIONAL_OR_KEYWORD',
      }),
      'research_ingest': dict({
        'force': 'POSITIONAL_OR_KEYWORD',
        'path': 'POSITIONAL_OR_KEYWORD',
        'pg_pool': 'POSITIONAL_OR_KEYWORD',
        'project_id': 'POSITIONAL_OR_KEYWORD',
        'tenant_id': 'POSITIONAL_OR_KEYWORD',
      }),
      'research_ingest_transcript': dict({
        'file_path': 'POSITIONAL_OR_KEYWORD',
        'force': 'POSITIONAL_OR_KEYWORD',
        'pg_pool': 'POSITIONAL_OR_KEYWORD',
        'project_id': 'POSITIONAL_OR_KEYWORD',
        'tenant_id': 'POSITIONAL_OR_KEYWORD',
        'title': 'POSITIONAL_OR_KEYWORD',
      }),
      'research_report': dict({
        'codebook_version_id': 'POSITIONAL_OR_KEYWORD',
        'level': 'POSITIONAL_OR_KEYWORD',
        'pool': 'POSITIONAL_OR_KEYWORD',
        'project_id': 'POSITIONAL_OR_KEYWORD',
        'tenant_id': 'POSITIONAL_OR_KEYWORD',
      }),
      'review_execute': dict({
        'assignment_id': 'POSITIONAL_OR_KEYWORD',
        'decision': 'POSITIONAL_OR_KEYWORD',
        'note': 'POSITIONAL_OR_KEYWORD',
        'pool': 'POSITIONAL_OR_KEYWORD',
        'reviewer': 'POSITIONAL_OR_KEYWORD',
        'tenant_id': 'POSITIONAL_OR_KEYWORD',
      }),
      'supported_suffixes': dict({
      }),
    }),
  })
# ---
