# serializer version: 1
# name: test_mcp_tool_contract
  dict({
    'corpus_kb.tools.ingest_tools': dict({
      'delete_document': dict({
        'config': 'POSITIONAL_OR_KEYWORD',
        'document_id': 'POSITIONAL_OR_KEYWORD',
        'pg_pool': 'POSITIONAL_OR_KEYWORD',
      }),
      'ingest_directory': dict({
        'config': 'POSITIONAL_OR_KEYWORD',
        'directory_path': 'POSITIONAL_OR_KEYWORD',
        'pg_pool': 'POSITIONAL_OR_KEYWORD',
        'tenant_id': 'POSITIONAL_OR_KEYWORD',
      }),
      'ingest_file': dict({
        'config': 'POSITIONAL_OR_KEYWORD',
        'file_path': 'POSITIONAL_OR_KEYWORD',
        'pg_pool': 'POSITIONAL_OR_KEYWORD',
        'tenant_id': 'POSITIONAL_OR_KEYWORD',
      }),
      'list_documents': dict({
        'config': 'POSITIONAL_OR_KEYWORD',
        'pg_pool': 'POSITIONAL_OR_KEYWORD',
      }),
    }),
    'corpus_kb.tools.research_tools': dict({
      'codebook_promote': dict({
        'definition': 'POSITIONAL_OR_KEYWORD',
        'exclusion': 'POSITIONAL_OR_KEYWORD',
        'inclusion': 'POSITIONAL_OR_KEYWORD',
        'label': 'POSITIONAL_OR_KEYWORD',
        'name': 'POSITIONAL_OR_KEYWORD',
        'pool': 'POSITIONAL_OR_KEYWORD',
        'proposed_id': 'POSITIONAL_OR_KEYWORD',
        'tau_dup': 'POSITIONAL_OR_KEYWORD',
        'tenant_id': 'POSITIONAL_OR_KEYWORD',
      }),
      'coding_run': dict({
        'cal_alpha': 'POSITIONAL_OR_KEYWORD',
        'codebook_version_id': 'POSITIONAL_OR_KEYWORD',
        'pool': 'POSITIONAL_OR_KEYWORD',
        'project_id': 'POSITIONAL_OR_KEYWORD',
        'tenant_id': 'POSITIONAL_OR_KEYWORD',
      }),
      'inductive_run': dict({
        'pool': 'POSITIONAL_OR_KEYWORD',
        'project_id': 'POSITIONAL_OR_KEYWORD',
        'tenant_id': 'POSITIONAL_OR_KEYWORD',
      }),
      'research_ingest': dict({
        'force': 'POSITIONAL_OR_KEYWORD',
        'path': 'POSITIONAL_OR_KEYWORD',
        'pg_pool': 'POSITIONAL_OR_KEYWORD',
        'project_id': 'POSITIONAL_OR_KEYWORD',
        'tenant_id': 'POSITIONAL_OR_KEYWORD',
      }),
      'research_ingest_transcript': dict({
        'file_path': 'POSITIONAL_OR_KEYWORD',
        'force': 'POSITIONAL_OR_KEYWORD',
        'pg_pool': 'POSITIONAL_OR_KEYWORD',
        'project_id': 'POSITIONAL_OR_KEYWORD',
        'tenant_id': 'POSITIONAL_OR_KEYWORD',
        'title': 'POSITIONAL_OR_KEYWORD',
      }),
      'research_report': dict({
        'codebook_version_id': 'POSITIONAL_OR_KEYWORD',
        'level': 'POSITIONAL_OR_KEYWORD',
        'pool': 'POSITIONAL_OR_KEYWORD',
        'project_id': 'POSITIONAL_OR_KEYWORD',
        'tenant_id': 'POSITIONAL_OR_KEYWORD',
      }),
      'supported_suffixes': dict({
      }),
    }),
  })
# ---
